// Jest Snapshot v1, https://goo.gl/fbAQLP

exports[`component: FormGroup should render correctly 1`] = `ShallowWrapper {}`;
