// Jest Snapshot v1, https://goo.gl/fbAQLP

exports[`component: PrivateRoute should render correctly 1`] = `ShallowWrapper {}`;
