// Jest Snapshot v1, https://goo.gl/fbAQLP

exports[`component: RegisterUi should render correctly 1`] = `ShallowWrapper {}`;
