// Jest Snapshot v1, https://goo.gl/fbAQLP

exports[`component: Register should render correctly 1`] = `ShallowWrapper {}`;

exports[`component: Register should render correctly when token is passed along 1`] = `ShallowWrapper {}`;
