// Jest Snapshot v1, https://goo.gl/fbAQLP

exports[`component: SingleMessage should render correctly 1`] = `ShallowWrapper {}`;
